mode: set
mini-asm/internal/model/asset.go:67.33,69.2 1 1
mini-asm/internal/model/asset.go:72.35,74.2 1 1
mini-asm/internal/model/scan.go:66.39,67.11 1 0
mini-asm/internal/model/scan.go:77.15,78.14 1 0
mini-asm/internal/model/scan.go:79.10,80.15 1 0
mini-asm/internal/handler/asset_handler.go:19.67,23.2 1 1
mini-asm/internal/handler/asset_handler.go:40.76,43.61 2 1
mini-asm/internal/handler/asset_handler.go:43.61,46.3 2 0
mini-asm/internal/handler/asset_handler.go:49.2,50.16 2 1
mini-asm/internal/handler/asset_handler.go:50.16,55.3 3 0
mini-asm/internal/handler/asset_handler.go:58.2,58.43 1 1
mini-asm/internal/handler/asset_handler.go:62.75,72.18 6 0
mini-asm/internal/handler/asset_handler.go:72.18,75.3 1 0
mini-asm/internal/handler/asset_handler.go:75.8,75.44 1 0
mini-asm/internal/handler/asset_handler.go:75.44,78.3 1 0
mini-asm/internal/handler/asset_handler.go:78.8,81.3 1 0
mini-asm/internal/handler/asset_handler.go:83.2,83.16 1 0
mini-asm/internal/handler/asset_handler.go:83.16,87.3 3 0
mini-asm/internal/handler/asset_handler.go:90.2,90.19 1 0
mini-asm/internal/handler/asset_handler.go:90.19,92.3 1 0
mini-asm/internal/handler/asset_handler.go:94.2,94.39 1 0
mini-asm/internal/handler/asset_handler.go:98.73,101.14 2 0
mini-asm/internal/handler/asset_handler.go:101.14,104.3 2 0
mini-asm/internal/handler/asset_handler.go:107.2,108.16 2 0
mini-asm/internal/handler/asset_handler.go:108.16,112.3 3 0
mini-asm/internal/handler/asset_handler.go:114.2,114.38 1 0
mini-asm/internal/handler/asset_handler.go:118.76,121.14 2 0
mini-asm/internal/handler/asset_handler.go:121.14,124.3 2 0
mini-asm/internal/handler/asset_handler.go:127.2,128.61 2 0
mini-asm/internal/handler/asset_handler.go:128.61,131.3 2 0
mini-asm/internal/handler/asset_handler.go:134.2,135.16 2 0
mini-asm/internal/handler/asset_handler.go:135.16,139.3 3 0
mini-asm/internal/handler/asset_handler.go:141.2,141.38 1 0
mini-asm/internal/handler/asset_handler.go:145.76,148.14 2 0
mini-asm/internal/handler/asset_handler.go:148.14,151.3 2 0
mini-asm/internal/handler/asset_handler.go:154.2,154.50 1 0
mini-asm/internal/handler/asset_handler.go:154.50,158.3 3 0
mini-asm/internal/handler/asset_handler.go:161.2,161.37 1 0
mini-asm/internal/handler/asset_handler.go:164.73,166.16 2 0
mini-asm/internal/handler/asset_handler.go:166.16,169.3 2 0
mini-asm/internal/handler/asset_handler.go:171.2,173.34 3 0
mini-asm/internal/handler/asset_handler.go:176.70,181.16 4 0
mini-asm/internal/handler/asset_handler.go:181.16,184.3 2 0
mini-asm/internal/handler/asset_handler.go:186.2,188.39 3 0
mini-asm/internal/handler/asset_handler.go:191.82,194.61 2 0
mini-asm/internal/handler/asset_handler.go:194.61,197.3 2 0
mini-asm/internal/handler/asset_handler.go:199.2,200.16 2 0
mini-asm/internal/handler/asset_handler.go:200.16,203.3 2 0
mini-asm/internal/handler/asset_handler.go:205.2,205.40 1 0
mini-asm/internal/handler/asset_handler.go:208.82,210.20 2 0
mini-asm/internal/handler/asset_handler.go:210.20,213.3 2 0
mini-asm/internal/handler/asset_handler.go:215.2,218.16 3 0
mini-asm/internal/handler/asset_handler.go:218.16,221.3 2 0
mini-asm/internal/handler/asset_handler.go:223.2,223.35 1 0
mini-asm/internal/handler/asset_handler.go:226.77,229.17 2 0
mini-asm/internal/handler/asset_handler.go:229.17,232.3 2 0
mini-asm/internal/handler/asset_handler.go:234.2,235.16 2 0
mini-asm/internal/handler/asset_handler.go:235.16,238.3 2 0
mini-asm/internal/handler/asset_handler.go:240.2,240.22 1 0
mini-asm/internal/handler/asset_handler.go:240.22,245.3 2 0
mini-asm/internal/handler/asset_handler.go:247.2,247.37 1 0
mini-asm/internal/handler/asset_handler.go:252.38,253.9 1 0
mini-asm/internal/handler/asset_handler.go:254.41,255.29 1 0
mini-asm/internal/handler/asset_handler.go:259.42,260.31 1 0
mini-asm/internal/handler/asset_handler.go:261.42,262.29 1 0
mini-asm/internal/handler/asset_handler.go:263.46,264.30 1 0
mini-asm/internal/handler/asset_handler.go:265.10,266.40 1 0
mini-asm/internal/handler/asset_handler.go:271.71,275.56 3 1
mini-asm/internal/handler/asset_handler.go:275.56,278.3 1 0
mini-asm/internal/handler/asset_handler.go:282.70,286.2 1 0
mini-asm/internal/handler/asset_handler.go:288.69,292.2 3 0
mini-asm/internal/handler/asset_handler.go:294.72,298.2 1 0
mini-asm/internal/handler/health_handler.go:16.50,20.2 1 0
mini-asm/internal/handler/health_handler.go:38.71,53.36 4 0
mini-asm/internal/handler/health_handler.go:53.36,59.3 5 0
mini-asm/internal/handler/health_handler.go:61.2,64.37 4 0
mini-asm/internal/handler/scan_handler.go:18.60,20.19 2 0
mini-asm/internal/handler/scan_handler.go:20.19,22.3 1 0
mini-asm/internal/handler/scan_handler.go:23.2,23.47 1 0
mini-asm/internal/handler/scan_handler.go:23.47,25.3 1 0
mini-asm/internal/handler/scan_handler.go:26.2,26.21 1 0
mini-asm/internal/handler/scan_handler.go:29.67,31.33 2 0
mini-asm/internal/handler/scan_handler.go:31.33,33.60 2 0
mini-asm/internal/handler/scan_handler.go:33.60,42.4 1 0
mini-asm/internal/handler/scan_handler.go:43.3,43.30 1 0
mini-asm/internal/handler/scan_handler.go:45.2,45.14 1 0
mini-asm/internal/handler/scan_handler.go:48.68,52.2 1 0
mini-asm/internal/handler/scan_handler.go:54.73,56.19 2 0
mini-asm/internal/handler/scan_handler.go:56.19,59.3 2 0
mini-asm/internal/handler/scan_handler.go:61.2,61.47 1 0
mini-asm/internal/handler/scan_handler.go:61.47,64.3 2 0
mini-asm/internal/handler/scan_handler.go:66.2,67.61 2 0
mini-asm/internal/handler/scan_handler.go:67.61,70.3 2 0
mini-asm/internal/handler/scan_handler.go:72.2,73.16 2 0
mini-asm/internal/handler/scan_handler.go:73.16,76.3 2 0
mini-asm/internal/handler/scan_handler.go:78.2,78.40 1 0
mini-asm/internal/handler/scan_handler.go:81.74,83.17 2 0
mini-asm/internal/handler/scan_handler.go:83.17,86.3 2 0
mini-asm/internal/handler/scan_handler.go:88.2,88.45 1 0
mini-asm/internal/handler/scan_handler.go:88.45,91.3 2 0
mini-asm/internal/handler/scan_handler.go:93.2,94.16 2 0
mini-asm/internal/handler/scan_handler.go:94.16,97.3 2 0
mini-asm/internal/handler/scan_handler.go:99.2,99.34 1 0
mini-asm/internal/handler/scan_handler.go:102.78,104.17 2 0
mini-asm/internal/handler/scan_handler.go:104.17,107.3 2 0
mini-asm/internal/handler/scan_handler.go:109.2,109.45 1 0
mini-asm/internal/handler/scan_handler.go:109.45,112.3 2 0
mini-asm/internal/handler/scan_handler.go:114.2,115.16 2 0
mini-asm/internal/handler/scan_handler.go:115.16,118.3 2 0
mini-asm/internal/handler/scan_handler.go:120.2,127.33 3 0
mini-asm/internal/handler/scan_handler.go:127.33,129.55 2 0
mini-asm/internal/handler/scan_handler.go:129.55,133.4 1 0
mini-asm/internal/handler/scan_handler.go:134.3,134.30 1 0
mini-asm/internal/handler/scan_handler.go:136.2,138.34 2 0
mini-asm/internal/handler/scan_handler.go:141.78,143.16 2 0
mini-asm/internal/handler/scan_handler.go:143.16,146.3 2 0
mini-asm/internal/handler/scan_handler.go:148.2,149.16 2 0
mini-asm/internal/handler/scan_handler.go:149.16,152.3 2 0
mini-asm/internal/handler/scan_handler.go:154.2,157.4 1 0
mini-asm/internal/handler/scan_handler.go:160.80,162.16 2 0
mini-asm/internal/handler/scan_handler.go:162.16,165.3 2 0
mini-asm/internal/handler/scan_handler.go:167.2,168.16 2 0
mini-asm/internal/handler/scan_handler.go:168.16,171.3 2 0
mini-asm/internal/handler/scan_handler.go:173.2,176.4 1 0
mini-asm/internal/handler/scan_handler.go:179.75,181.16 2 0
mini-asm/internal/handler/scan_handler.go:181.16,184.3 2 0
mini-asm/internal/handler/scan_handler.go:186.2,187.16 2 0
mini-asm/internal/handler/scan_handler.go:187.16,190.3 2 0
mini-asm/internal/handler/scan_handler.go:192.2,195.4 1 0
mini-asm/internal/handler/scan_handler.go:198.77,200.16 2 0
mini-asm/internal/handler/scan_handler.go:200.16,203.3 2 0
mini-asm/internal/handler/scan_handler.go:205.2,206.16 2 0
mini-asm/internal/handler/scan_handler.go:206.16,209.3 2 0
mini-asm/internal/handler/scan_handler.go:211.2,214.4 1 0
mini-asm/internal/handler/scan_handler.go:217.82,219.16 2 0
mini-asm/internal/handler/scan_handler.go:219.16,222.3 2 0
mini-asm/internal/handler/scan_handler.go:224.2,225.16 2 0
mini-asm/internal/handler/scan_handler.go:225.16,228.3 2 0
mini-asm/internal/handler/scan_handler.go:230.2,233.4 1 0
mini-asm/internal/service/asset_service.go:20.61,24.2 1 1
mini-asm/internal/service/asset_service.go:28.82,30.16 1 1
mini-asm/internal/service/asset_service.go:30.16,32.3 1 1
mini-asm/internal/service/asset_service.go:34.2,34.35 1 1
mini-asm/internal/service/asset_service.go:34.35,36.3 1 1
mini-asm/internal/service/asset_service.go:39.2,49.48 2 1
mini-asm/internal/service/asset_service.go:49.48,51.3 1 1
mini-asm/internal/service/asset_service.go:53.2,53.19 1 1
mini-asm/internal/service/asset_service.go:57.63,59.2 1 0
mini-asm/internal/service/asset_service.go:62.70,63.14 1 0
mini-asm/internal/service/asset_service.go:63.14,65.3 1 0
mini-asm/internal/service/asset_service.go:67.2,67.30 1 0
mini-asm/internal/service/asset_service.go:72.101,74.14 1 0
mini-asm/internal/service/asset_service.go:74.14,76.3 1 0
mini-asm/internal/service/asset_service.go:79.2,80.16 2 0
mini-asm/internal/service/asset_service.go:80.16,82.3 1 0
mini-asm/internal/service/asset_service.go:85.2,85.16 1 0
mini-asm/internal/service/asset_service.go:85.16,87.3 1 0
mini-asm/internal/service/asset_service.go:89.2,89.21 1 0
mini-asm/internal/service/asset_service.go:89.21,90.36 1 0
mini-asm/internal/service/asset_service.go:90.36,92.4 1 0
mini-asm/internal/service/asset_service.go:93.3,93.28 1 0
mini-asm/internal/service/asset_service.go:96.2,96.18 1 0
mini-asm/internal/service/asset_service.go:96.18,97.35 1 0
mini-asm/internal/service/asset_service.go:97.35,99.4 1 0
mini-asm/internal/service/asset_service.go:100.3,100.27 1 0
mini-asm/internal/service/asset_service.go:104.2,107.55 2 0
mini-asm/internal/service/asset_service.go:107.55,109.3 1 0
mini-asm/internal/service/asset_service.go:111.2,111.22 1 0
mini-asm/internal/service/asset_service.go:115.53,116.14 1 0
mini-asm/internal/service/asset_service.go:116.14,118.3 1 0
mini-asm/internal/service/asset_service.go:120.2,120.29 1 0
mini-asm/internal/service/asset_service.go:124.87,126.54 1 0
mini-asm/internal/service/asset_service.go:126.54,128.3 1 0
mini-asm/internal/service/asset_service.go:130.2,130.50 1 0
mini-asm/internal/service/asset_service.go:130.50,132.3 1 0
mini-asm/internal/service/asset_service.go:134.2,134.44 1 0
mini-asm/internal/service/asset_service.go:138.75,141.17 2 0
mini-asm/internal/service/asset_service.go:141.17,143.3 1 0
mini-asm/internal/service/asset_service.go:145.2,145.32 1 0
mini-asm/internal/service/asset_service.go:148.62,150.2 1 0
mini-asm/internal/service/asset_service.go:152.91,153.54 1 0
mini-asm/internal/service/asset_service.go:153.54,155.3 1 0
mini-asm/internal/service/asset_service.go:157.2,157.50 1 0
mini-asm/internal/service/asset_service.go:157.50,159.3 1 0
mini-asm/internal/service/asset_service.go:161.2,162.16 2 0
mini-asm/internal/service/asset_service.go:162.16,164.3 1 0
mini-asm/internal/service/asset_service.go:166.2,166.20 1 0
mini-asm/internal/service/asset_service.go:169.121,170.16 1 0
mini-asm/internal/service/asset_service.go:170.16,172.3 1 0
mini-asm/internal/service/asset_service.go:174.2,174.26 1 0
mini-asm/internal/service/asset_service.go:174.26,176.3 1 0
mini-asm/internal/service/asset_service.go:178.2,178.27 1 0
mini-asm/internal/service/asset_service.go:178.27,180.3 1 0
mini-asm/internal/service/asset_service.go:182.2,184.34 2 0
mini-asm/internal/service/asset_service.go:184.34,185.22 1 0
mini-asm/internal/service/asset_service.go:185.22,187.4 1 0
mini-asm/internal/service/asset_service.go:189.3,189.22 1 0
mini-asm/internal/service/asset_service.go:189.22,191.4 1 0
mini-asm/internal/service/asset_service.go:193.3,193.75 1 0
mini-asm/internal/service/asset_service.go:193.75,195.4 1 0
mini-asm/internal/service/asset_service.go:197.3,208.33 3 0
mini-asm/internal/service/asset_service.go:211.2,212.16 2 0
mini-asm/internal/service/asset_service.go:212.16,214.3 1 0
mini-asm/internal/service/asset_service.go:216.2,219.8 1 0
mini-asm/internal/service/asset_service.go:222.98,223.19 1 0
mini-asm/internal/service/asset_service.go:223.19,225.3 1 0
mini-asm/internal/service/asset_service.go:227.2,230.25 3 0
mini-asm/internal/service/asset_service.go:230.25,232.15 2 0
mini-asm/internal/service/asset_service.go:232.15,233.12 1 0
mini-asm/internal/service/asset_service.go:236.3,236.43 1 0
mini-asm/internal/service/asset_service.go:236.43,238.12 2 0
mini-asm/internal/service/asset_service.go:241.3,241.34 1 0
mini-asm/internal/service/asset_service.go:244.2,244.24 1 0
mini-asm/internal/service/asset_service.go:244.24,249.3 1 0
mini-asm/internal/service/asset_service.go:251.2,252.16 2 0
mini-asm/internal/service/asset_service.go:252.16,254.3 1 0
mini-asm/internal/service/asset_service.go:256.2,257.18 2 0
mini-asm/internal/service/ip_scanner.go:19.48,21.2 1 1
mini-asm/internal/service/ip_scanner.go:39.100,41.31 2 1
mini-asm/internal/service/ip_scanner.go:41.31,43.3 1 0
mini-asm/internal/service/ip_scanner.go:45.2,47.34 3 1
mini-asm/internal/service/ip_scanner.go:47.34,49.3 1 1
mini-asm/internal/service/ip_scanner.go:52.2,52.31 1 1
mini-asm/internal/service/ip_scanner.go:52.31,74.62 2 1
mini-asm/internal/service/ip_scanner.go:74.62,76.4 1 0
mini-asm/internal/service/ip_scanner.go:77.3,77.16 1 1
mini-asm/internal/service/ip_scanner.go:80.2,86.16 2 0
mini-asm/internal/service/ip_scanner.go:86.16,88.3 1 0
mini-asm/internal/service/ip_scanner.go:90.2,91.16 2 0
mini-asm/internal/service/ip_scanner.go:91.16,93.3 1 0
mini-asm/internal/service/ip_scanner.go:94.2,97.65 3 0
mini-asm/internal/service/ip_scanner.go:97.65,99.3 1 0
mini-asm/internal/service/ip_scanner.go:101.2,101.30 1 0
mini-asm/internal/service/ip_scanner.go:101.30,103.3 1 0
mini-asm/internal/service/ip_scanner.go:105.2,107.38 3 0
mini-asm/internal/service/ip_scanner.go:107.38,111.3 3 0
mini-asm/internal/service/ip_scanner.go:112.2,113.19 2 0
mini-asm/internal/service/ip_scanner.go:113.19,115.3 1 0
mini-asm/internal/service/ip_scanner.go:117.2,138.61 2 0
mini-asm/internal/service/ip_scanner.go:138.61,140.3 1 0
mini-asm/internal/service/ip_scanner.go:142.2,142.15 1 0
mini-asm/internal/service/port_scanner.go:16.52,18.2 1 1
mini-asm/internal/service/port_scanner.go:28.36,29.14 1 1
mini-asm/internal/service/port_scanner.go:30.10,31.15 1 1
mini-asm/internal/service/port_scanner.go:32.10,33.16 1 0
mini-asm/internal/service/port_scanner.go:34.11,35.17 1 0
mini-asm/internal/service/port_scanner.go:36.12,37.17 1 1
mini-asm/internal/service/port_scanner.go:38.12,39.22 1 1
mini-asm/internal/service/port_scanner.go:40.12,41.17 1 0
mini-asm/internal/service/port_scanner.go:42.12,43.20 1 1
mini-asm/internal/service/port_scanner.go:44.10,45.12 1 0
mini-asm/internal/service/port_scanner.go:49.102,51.31 2 1
mini-asm/internal/service/port_scanner.go:51.31,53.3 1 0
mini-asm/internal/service/port_scanner.go:55.2,55.32 1 1
mini-asm/internal/service/port_scanner.go:55.32,57.3 1 0
mini-asm/internal/service/port_scanner.go:59.2,65.29 5 1
mini-asm/internal/service/port_scanner.go:65.29,66.10 1 1
mini-asm/internal/service/port_scanner.go:67.21,68.23 1 0
mini-asm/internal/service/port_scanner.go:69.11,69.11 0 1
mini-asm/internal/service/port_scanner.go:72.3,73.17 2 1
mini-asm/internal/service/port_scanner.go:73.17,82.4 2 1
mini-asm/internal/service/port_scanner.go:85.2,94.63 2 1
mini-asm/internal/service/port_scanner.go:94.63,96.3 1 0
mini-asm/internal/service/port_scanner.go:98.2,98.15 1 1
mini-asm/internal/service/scan_service.go:31.44,33.15 2 1
mini-asm/internal/service/scan_service.go:33.15,35.3 1 0
mini-asm/internal/service/scan_service.go:36.2,36.21 1 1
mini-asm/internal/service/scan_service.go:36.21,38.3 1 1
mini-asm/internal/service/scan_service.go:40.2,46.36 2 0
mini-asm/internal/service/scan_service.go:46.36,48.25 2 0
mini-asm/internal/service/scan_service.go:48.25,50.4 1 0
mini-asm/internal/service/scan_service.go:52.2,52.14 1 0
mini-asm/internal/service/scan_service.go:55.97,72.2 6 1
mini-asm/internal/service/scan_service.go:74.98,76.16 2 0
mini-asm/internal/service/scan_service.go:76.16,78.3 1 0
mini-asm/internal/service/scan_service.go:80.2,80.38 1 0
mini-asm/internal/service/scan_service.go:80.38,82.3 1 0
mini-asm/internal/service/scan_service.go:84.2,84.54 1 0
mini-asm/internal/service/scan_service.go:84.54,86.3 1 0
mini-asm/internal/service/scan_service.go:88.2,100.57 3 0
mini-asm/internal/service/scan_service.go:100.57,102.3 1 0
mini-asm/internal/service/scan_service.go:104.2,106.17 2 0
mini-asm/internal/service/scan_service.go:110.72,111.36 1 0
mini-asm/internal/service/scan_service.go:111.36,113.3 1 0
mini-asm/internal/service/scan_service.go:114.2,114.40 1 0
mini-asm/internal/service/scan_service.go:117.88,118.36 1 0
mini-asm/internal/service/scan_service.go:118.36,120.3 1 0
mini-asm/internal/service/scan_service.go:122.2,123.16 2 0
mini-asm/internal/service/scan_service.go:123.16,125.3 1 0
mini-asm/internal/service/scan_service.go:127.2,128.16 2 0
mini-asm/internal/service/scan_service.go:128.16,130.3 1 0
mini-asm/internal/service/scan_service.go:132.2,135.8 1 0
mini-asm/internal/service/scan_service.go:138.80,139.38 1 0
mini-asm/internal/service/scan_service.go:139.38,141.3 1 0
mini-asm/internal/service/scan_service.go:143.2,143.59 1 0
mini-asm/internal/service/scan_service.go:143.59,145.3 1 0
mini-asm/internal/service/scan_service.go:147.2,147.51 1 0
mini-asm/internal/service/scan_service.go:150.85,151.38 1 0
mini-asm/internal/service/scan_service.go:151.38,153.3 1 0
mini-asm/internal/service/scan_service.go:155.2,155.59 1 0
mini-asm/internal/service/scan_service.go:155.59,157.3 1 0
mini-asm/internal/service/scan_service.go:159.2,159.54 1 0
mini-asm/internal/service/scan_service.go:162.88,163.38 1 0
mini-asm/internal/service/scan_service.go:163.38,165.3 1 0
mini-asm/internal/service/scan_service.go:167.2,167.59 1 0
mini-asm/internal/service/scan_service.go:167.59,169.3 1 0
mini-asm/internal/service/scan_service.go:171.2,175.4 1 0
mini-asm/internal/service/scan_service.go:178.90,179.38 1 0
mini-asm/internal/service/scan_service.go:179.38,181.3 1 0
mini-asm/internal/service/scan_service.go:183.2,183.59 1 0
mini-asm/internal/service/scan_service.go:183.59,185.3 1 0
mini-asm/internal/service/scan_service.go:187.2,189.4 1 0
mini-asm/internal/service/scan_service.go:192.94,193.38 1 0
mini-asm/internal/service/scan_service.go:193.38,195.3 1 0
mini-asm/internal/service/scan_service.go:197.2,197.59 1 0
mini-asm/internal/service/scan_service.go:197.59,199.3 1 0
mini-asm/internal/service/scan_service.go:201.2,203.4 1 0
mini-asm/internal/service/scan_service.go:206.75,216.66 7 0
mini-asm/internal/service/scan_service.go:216.66,219.17 3 0
mini-asm/internal/service/scan_service.go:219.17,221.4 1 0
mini-asm/internal/service/scan_service.go:224.2,224.22 1 0
mini-asm/internal/service/scan_service.go:225.25,226.20 1 0
mini-asm/internal/service/scan_service.go:227.27,228.22 1 0
mini-asm/internal/service/scan_service.go:229.31,230.26 1 0
mini-asm/internal/service/scan_service.go:231.31,232.26 1 0
mini-asm/internal/service/scan_service.go:233.25,234.20 1 0
mini-asm/internal/service/scan_service.go:235.83,237.10 2 0
mini-asm/internal/service/scan_service.go:237.10,239.9 2 0
mini-asm/internal/service/scan_service.go:241.3,246.17 5 0
mini-asm/internal/service/scan_service.go:246.17,248.4 1 0
mini-asm/internal/service/scan_service.go:249.25,253.26 4 0
mini-asm/internal/service/scan_service.go:254.10,255.78 1 0
mini-asm/internal/service/scan_service.go:258.2,262.9 4 0
mini-asm/internal/service/scan_service.go:263.22,265.17 2 0
mini-asm/internal/service/scan_service.go:266.24,268.39 2 0
mini-asm/internal/service/scan_service.go:269.10,271.39 2 0
mini-asm/internal/service/scan_service.go:274.2,275.130 2 0
mini-asm/internal/service/scan_service.go:278.80,279.18 1 0
mini-asm/internal/service/scan_service.go:280.63,281.35 1 0
mini-asm/internal/service/scan_service.go:282.154,283.39 1 0
mini-asm/internal/service/scan_service.go:284.10,285.15 1 0
mini-asm/internal/service/scan_service.go:289.100,291.16 2 1
mini-asm/internal/service/scan_service.go:291.16,293.3 1 0
mini-asm/internal/service/scan_service.go:295.2,302.4 1 1
mini-asm/internal/service/scan_service.go:305.87,310.16 4 0
mini-asm/internal/service/scan_service.go:310.16,311.26 1 0
mini-asm/internal/service/scan_service.go:311.26,315.23 1 0
mini-asm/internal/service/scan_service.go:315.23,317.5 1 0
mini-asm/internal/service/scan_service.go:317.10,319.5 1 0
mini-asm/internal/service/scan_service.go:321.8,323.3 1 0
mini-asm/internal/service/scan_service.go:325.2,326.16 2 0
mini-asm/internal/service/scan_service.go:326.16,327.26 1 0
mini-asm/internal/service/scan_service.go:327.26,333.23 1 0
mini-asm/internal/service/scan_service.go:333.23,335.5 1 0
mini-asm/internal/service/scan_service.go:335.10,337.5 1 0
mini-asm/internal/service/scan_service.go:339.8,341.3 1 0
mini-asm/internal/service/scan_service.go:343.2,344.16 2 0
mini-asm/internal/service/scan_service.go:344.16,345.26 1 0
mini-asm/internal/service/scan_service.go:345.26,349.23 1 0
mini-asm/internal/service/scan_service.go:349.23,351.5 1 0
mini-asm/internal/service/scan_service.go:351.10,353.5 1 0
mini-asm/internal/service/scan_service.go:355.8,357.3 1 0
mini-asm/internal/service/scan_service.go:359.2,359.33 1 0
mini-asm/internal/service/scan_service.go:359.33,361.3 1 0
mini-asm/internal/service/scan_service.go:362.2,362.19 1 0
mini-asm/internal/service/scan_service.go:362.19,364.3 1 0
mini-asm/internal/service/scan_service.go:366.2,366.19 1 0
mini-asm/internal/service/scan_service.go:369.89,372.16 3 0
mini-asm/internal/service/scan_service.go:372.16,374.3 1 0
mini-asm/internal/service/scan_service.go:376.2,383.60 2 0
mini-asm/internal/service/scan_service.go:383.60,385.3 1 0
mini-asm/internal/service/scan_service.go:387.2,387.15 1 0
mini-asm/internal/service/scan_service.go:390.93,396.31 3 0
mini-asm/internal/service/scan_service.go:396.31,399.34 3 0
mini-asm/internal/service/scan_service.go:399.34,400.12 1 0
mini-asm/internal/service/scan_service.go:403.3,404.26 2 0
mini-asm/internal/service/scan_service.go:404.26,406.4 1 0
mini-asm/internal/service/scan_service.go:408.3,411.18 1 0
mini-asm/internal/service/scan_service.go:411.18,412.12 1 0
mini-asm/internal/service/scan_service.go:414.3,414.10 1 0
mini-asm/internal/service/scan_service.go:417.2,417.16 1 0
mini-asm/internal/service/scan_service.go:417.16,419.3 1 0
mini-asm/internal/service/scan_service.go:421.2,421.19 1 0
mini-asm/internal/service/scan_service.go:429.93,433.16 3 0
mini-asm/internal/service/scan_service.go:433.16,435.3 1 0
mini-asm/internal/service/scan_service.go:437.2,438.16 2 0
mini-asm/internal/service/scan_service.go:438.16,440.3 1 0
mini-asm/internal/service/scan_service.go:441.2,443.38 2 0
mini-asm/internal/service/scan_service.go:443.38,445.3 1 0
mini-asm/internal/service/scan_service.go:447.2,448.16 2 0
mini-asm/internal/service/scan_service.go:448.16,450.3 1 0
mini-asm/internal/service/scan_service.go:452.2,453.53 2 0
mini-asm/internal/service/scan_service.go:453.53,455.3 1 0
mini-asm/internal/service/scan_service.go:457.2,460.29 3 0
mini-asm/internal/service/scan_service.go:460.29,462.30 2 0
mini-asm/internal/service/scan_service.go:462.30,464.18 2 0
mini-asm/internal/service/scan_service.go:464.18,465.13 1 0
mini-asm/internal/service/scan_service.go:467.4,467.44 1 0
mini-asm/internal/service/scan_service.go:467.44,468.13 1 0
mini-asm/internal/service/scan_service.go:470.4,470.31 1 0
mini-asm/internal/service/scan_service.go:470.31,471.13 1 0
mini-asm/internal/service/scan_service.go:473.4,474.31 2 0
mini-asm/internal/service/scan_service.go:478.2,481.29 3 0
mini-asm/internal/service/scan_service.go:481.29,485.18 1 0
mini-asm/internal/service/scan_service.go:485.18,486.12 1 0
mini-asm/internal/service/scan_service.go:488.3,488.10 1 0
mini-asm/internal/service/scan_service.go:491.2,491.16 1 0
mini-asm/internal/service/scan_service.go:491.16,493.3 1 0
mini-asm/internal/service/scan_service.go:495.2,495.19 1 0
mini-asm/internal/service/scan_service.go:498.87,500.16 2 0
mini-asm/internal/service/scan_service.go:500.16,502.3 1 0
mini-asm/internal/service/scan_service.go:504.2,505.20 2 0
mini-asm/internal/service/scan_service.go:505.20,507.3 1 0
mini-asm/internal/service/scan_service.go:509.2,510.33 2 0
mini-asm/internal/service/scan_service.go:510.33,512.17 2 0
mini-asm/internal/service/scan_service.go:512.17,514.9 2 0
mini-asm/internal/service/scan_service.go:518.2,518.20 1 0
mini-asm/internal/service/scan_service.go:518.20,520.3 1 0
mini-asm/internal/service/scan_service.go:522.2,523.23 2 0
mini-asm/internal/service/scan_service.go:523.23,525.3 1 0
mini-asm/internal/service/scan_service.go:527.2,531.21 2 0
mini-asm/internal/service/scan_service.go:531.21,539.3 7 0
mini-asm/internal/service/scan_service.go:541.2,541.58 1 0
mini-asm/internal/service/scan_service.go:541.58,543.3 1 0
mini-asm/internal/service/scan_service.go:545.2,545.15 1 0
mini-asm/internal/service/scan_service.go:548.43,550.20 2 0
mini-asm/internal/service/scan_service.go:550.20,552.3 1 0
mini-asm/internal/service/scan_service.go:554.2,555.13 2 0
mini-asm/internal/service/scan_service.go:556.20,557.34 1 0
mini-asm/internal/service/scan_service.go:558.13,559.25 1 0
mini-asm/internal/service/scan_service.go:560.12,561.24 1 0
mini-asm/internal/service/scan_service.go:562.20,563.28 1 0
mini-asm/internal/service/scan_service.go:564.14,565.29 1 0
mini-asm/internal/service/scan_service.go:566.10,567.26 1 0
mini-asm/internal/service/scan_service.go:571.55,573.16 2 0
mini-asm/internal/service/scan_service.go:573.16,575.3 1 0
mini-asm/internal/service/scan_service.go:576.2,580.62 3 0
mini-asm/internal/service/scan_service.go:580.62,582.3 1 0
mini-asm/internal/service/scan_service.go:584.2,585.16 2 0
mini-asm/internal/service/scan_service.go:585.16,587.3 1 0
mini-asm/internal/service/scan_service.go:589.2,589.23 1 0
mini-asm/internal/service/scan_service.go:592.62,594.29 2 0
mini-asm/internal/service/scan_service.go:594.29,595.35 1 0
mini-asm/internal/service/scan_service.go:595.35,596.58 1 0
mini-asm/internal/service/scan_service.go:596.58,598.5 1 0
mini-asm/internal/service/scan_service.go:601.2,601.11 1 0
mini-asm/internal/service/ssl_scanner.go:20.50,22.2 1 1
mini-asm/internal/service/ssl_scanner.go:24.38,25.11 1 1
mini-asm/internal/service/ssl_scanner.go:26.24,27.19 1 0
mini-asm/internal/service/ssl_scanner.go:28.24,29.19 1 0
mini-asm/internal/service/ssl_scanner.go:30.24,31.19 1 0
mini-asm/internal/service/ssl_scanner.go:32.24,33.19 1 1
mini-asm/internal/service/ssl_scanner.go:34.10,35.39 1 0
mini-asm/internal/service/ssl_scanner.go:39.40,41.14 2 1
mini-asm/internal/service/ssl_scanner.go:41.14,43.3 1 0
mini-asm/internal/service/ssl_scanner.go:44.2,44.11 1 1
mini-asm/internal/service/ssl_scanner.go:47.35,49.2 1 0
mini-asm/internal/service/ssl_scanner.go:51.48,53.2 1 1
mini-asm/internal/service/ssl_scanner.go:55.78,59.30 3 1
mini-asm/internal/service/ssl_scanner.go:59.30,61.3 1 0
mini-asm/internal/service/ssl_scanner.go:62.2,62.24 1 1
mini-asm/internal/service/ssl_scanner.go:62.24,64.3 1 1
mini-asm/internal/service/ssl_scanner.go:65.2,65.56 1 1
mini-asm/internal/service/ssl_scanner.go:65.56,67.3 1 0
mini-asm/internal/service/ssl_scanner.go:69.2,69.9 1 1
mini-asm/internal/service/ssl_scanner.go:70.24,71.21 1 0
mini-asm/internal/service/ssl_scanner.go:72.66,73.21 1 1
mini-asm/internal/service/ssl_scanner.go:74.10,75.21 1 0
mini-asm/internal/service/ssl_scanner.go:79.101,81.16 2 1
mini-asm/internal/service/ssl_scanner.go:81.16,83.3 1 0
mini-asm/internal/service/ssl_scanner.go:85.2,90.16 3 1
mini-asm/internal/service/ssl_scanner.go:90.16,92.3 1 0
mini-asm/internal/service/ssl_scanner.go:93.2,96.38 3 1
mini-asm/internal/service/ssl_scanner.go:96.38,98.3 1 0
mini-asm/internal/service/ssl_scanner.go:100.2,129.62 6 1
mini-asm/internal/service/ssl_scanner.go:129.62,131.3 1 0
mini-asm/internal/service/ssl_scanner.go:133.2,133.15 1 1
mini-asm/internal/service/tech_scanner.go:19.52,21.2 1 1
mini-asm/internal/service/tech_scanner.go:30.102,34.16 3 1
mini-asm/internal/service/tech_scanner.go:34.16,36.3 1 0
mini-asm/internal/service/tech_scanner.go:38.2,39.16 2 1
mini-asm/internal/service/tech_scanner.go:39.16,41.3 1 0
mini-asm/internal/service/tech_scanner.go:42.2,48.32 5 1
mini-asm/internal/service/tech_scanner.go:48.32,49.17 1 1
mini-asm/internal/service/tech_scanner.go:49.17,51.4 1 1
mini-asm/internal/service/tech_scanner.go:54.2,58.59 4 1
mini-asm/internal/service/tech_scanner.go:58.59,60.3 1 1
mini-asm/internal/service/tech_scanner.go:61.2,61.58 1 1
mini-asm/internal/service/tech_scanner.go:61.58,63.3 1 0
mini-asm/internal/service/tech_scanner.go:65.2,70.39 4 1
mini-asm/internal/service/tech_scanner.go:70.39,72.3 1 1
mini-asm/internal/service/tech_scanner.go:73.2,73.40 1 1
mini-asm/internal/service/tech_scanner.go:73.40,75.3 1 0
mini-asm/internal/service/tech_scanner.go:76.2,76.71 1 1
mini-asm/internal/service/tech_scanner.go:76.71,78.3 1 0
mini-asm/internal/service/tech_scanner.go:79.2,79.45 1 1
mini-asm/internal/service/tech_scanner.go:79.45,81.3 1 1
mini-asm/internal/service/tech_scanner.go:82.2,82.41 1 1
mini-asm/internal/service/tech_scanner.go:82.41,84.3 1 0
mini-asm/internal/service/tech_scanner.go:85.2,85.82 1 1
mini-asm/internal/service/tech_scanner.go:85.82,87.3 1 1
mini-asm/internal/service/tech_scanner.go:88.2,88.98 1 1
mini-asm/internal/service/tech_scanner.go:88.98,90.3 1 1
mini-asm/internal/service/tech_scanner.go:91.2,91.115 1 1
mini-asm/internal/service/tech_scanner.go:91.115,93.3 1 1
mini-asm/internal/service/tech_scanner.go:95.2,103.63 2 1
mini-asm/internal/service/tech_scanner.go:103.63,105.3 1 0
mini-asm/internal/service/tech_scanner.go:107.2,107.15 1 1
mini-asm/cmd/server/main.go:18.13,57.16 11 0
mini-asm/cmd/server/main.go:57.16,59.3 1 0
mini-asm/cmd/server/main.go:61.2,139.55 51 0
mini-asm/cmd/server/main.go:139.55,141.3 1 0
mini-asm/cmd/server/main.go:145.46,147.17 2 0
mini-asm/cmd/server/main.go:147.17,149.3 1 0
mini-asm/cmd/server/main.go:150.2,150.14 1 0
mini-asm/internal/database/retry.go:13.68,18.53 3 0
mini-asm/internal/database/retry.go:18.53,23.17 3 0
mini-asm/internal/database/retry.go:23.17,25.4 1 0
mini-asm/internal/database/retry.go:27.3,28.17 2 0
mini-asm/internal/database/retry.go:28.17,31.4 2 0
mini-asm/internal/database/retry.go:33.3,33.28 1 0
mini-asm/internal/database/retry.go:33.28,34.9 1 0
mini-asm/internal/database/retry.go:37.3,41.22 3 0
mini-asm/internal/database/retry.go:44.2,44.93 1 0
mini-asm/internal/config/config.go:13.79,20.16 4 0
mini-asm/internal/config/config.go:20.16,22.3 1 0
mini-asm/internal/config/config.go:24.2,26.16 3 0
mini-asm/internal/config/config.go:26.16,28.3 1 0
mini-asm/internal/config/config.go:30.2,30.20 1 0
mini-asm/internal/storage/postgres/postgres.go:20.54,22.2 1 0
mini-asm/internal/storage/postgres/postgres.go:24.92,34.16 3 0
mini-asm/internal/storage/postgres/postgres.go:34.16,36.3 1 0
mini-asm/internal/storage/postgres/postgres.go:39.2,39.34 1 0
mini-asm/internal/storage/postgres/postgres.go:39.34,41.3 1 0
mini-asm/internal/storage/postgres/postgres.go:42.2,42.38 1 0
mini-asm/internal/storage/postgres/postgres.go:46.60,62.16 3 0
mini-asm/internal/storage/postgres/postgres.go:62.16,64.3 1 0
mini-asm/internal/storage/postgres/postgres.go:66.2,66.12 1 0
mini-asm/internal/storage/postgres/postgres.go:70.60,78.16 3 0
mini-asm/internal/storage/postgres/postgres.go:78.16,80.3 1 0
mini-asm/internal/storage/postgres/postgres.go:81.2,84.18 3 0
mini-asm/internal/storage/postgres/postgres.go:84.18,94.17 3 0
mini-asm/internal/storage/postgres/postgres.go:94.17,96.4 1 0
mini-asm/internal/storage/postgres/postgres.go:97.3,97.33 1 0
mini-asm/internal/storage/postgres/postgres.go:100.2,100.34 1 0
mini-asm/internal/storage/postgres/postgres.go:100.34,102.3 1 0
mini-asm/internal/storage/postgres/postgres.go:104.2,104.20 1 0
mini-asm/internal/storage/postgres/postgres.go:108.68,125.26 4 0
mini-asm/internal/storage/postgres/postgres.go:125.26,127.3 1 0
mini-asm/internal/storage/postgres/postgres.go:128.2,128.16 1 0
mini-asm/internal/storage/postgres/postgres.go:128.16,130.3 1 0
mini-asm/internal/storage/postgres/postgres.go:132.2,132.19 1 0
mini-asm/internal/storage/postgres/postgres.go:136.71,152.16 3 0
mini-asm/internal/storage/postgres/postgres.go:152.16,154.3 1 0
mini-asm/internal/storage/postgres/postgres.go:156.2,157.16 2 0
mini-asm/internal/storage/postgres/postgres.go:157.16,159.3 1 0
mini-asm/internal/storage/postgres/postgres.go:161.2,161.15 1 0
mini-asm/internal/storage/postgres/postgres.go:161.15,163.3 1 0
mini-asm/internal/storage/postgres/postgres.go:165.2,165.12 1 0
mini-asm/internal/storage/postgres/postgres.go:169.51,173.16 3 0
mini-asm/internal/storage/postgres/postgres.go:173.16,175.3 1 0
mini-asm/internal/storage/postgres/postgres.go:177.2,178.16 2 0
mini-asm/internal/storage/postgres/postgres.go:178.16,180.3 1 0
mini-asm/internal/storage/postgres/postgres.go:182.2,182.15 1 0
mini-asm/internal/storage/postgres/postgres.go:182.15,184.3 1 0
mini-asm/internal/storage/postgres/postgres.go:186.2,186.12 1 0
mini-asm/internal/storage/postgres/postgres.go:190.84,200.21 4 0
mini-asm/internal/storage/postgres/postgres.go:200.21,204.3 3 0
mini-asm/internal/storage/postgres/postgres.go:206.2,206.18 1 0
mini-asm/internal/storage/postgres/postgres.go:206.18,210.3 3 0
mini-asm/internal/storage/postgres/postgres.go:212.2,215.16 3 0
mini-asm/internal/storage/postgres/postgres.go:215.16,217.3 1 0
mini-asm/internal/storage/postgres/postgres.go:218.2,221.18 3 0
mini-asm/internal/storage/postgres/postgres.go:221.18,231.17 3 0
mini-asm/internal/storage/postgres/postgres.go:231.17,233.4 1 0
mini-asm/internal/storage/postgres/postgres.go:234.3,234.33 1 0
mini-asm/internal/storage/postgres/postgres.go:237.2,237.34 1 0
mini-asm/internal/storage/postgres/postgres.go:237.34,239.3 1 0
mini-asm/internal/storage/postgres/postgres.go:241.2,241.20 1 0
mini-asm/internal/storage/postgres/postgres.go:245.72,257.16 4 0
mini-asm/internal/storage/postgres/postgres.go:257.16,259.3 1 0
mini-asm/internal/storage/postgres/postgres.go:260.2,264.18 3 0
mini-asm/internal/storage/postgres/postgres.go:264.18,275.17 3 0
mini-asm/internal/storage/postgres/postgres.go:275.17,277.4 1 0
mini-asm/internal/storage/postgres/postgres.go:279.3,279.33 1 0
mini-asm/internal/storage/postgres/postgres.go:282.2,282.20 1 0
mini-asm/internal/storage/postgres/postgres.go:286.65,293.16 3 0
mini-asm/internal/storage/postgres/postgres.go:293.16,295.3 1 0
mini-asm/internal/storage/postgres/postgres.go:297.2,302.16 2 0
mini-asm/internal/storage/postgres/postgres.go:302.16,304.3 1 0
mini-asm/internal/storage/postgres/postgres.go:305.2,307.22 2 0
mini-asm/internal/storage/postgres/postgres.go:307.22,310.59 3 0
mini-asm/internal/storage/postgres/postgres.go:310.59,312.4 1 0
mini-asm/internal/storage/postgres/postgres.go:313.3,313.34 1 0
mini-asm/internal/storage/postgres/postgres.go:316.2,316.39 1 0
mini-asm/internal/storage/postgres/postgres.go:316.39,318.3 1 0
mini-asm/internal/storage/postgres/postgres.go:320.2,325.16 2 0
mini-asm/internal/storage/postgres/postgres.go:325.16,327.3 1 0
mini-asm/internal/storage/postgres/postgres.go:328.2,330.24 2 0
mini-asm/internal/storage/postgres/postgres.go:330.24,333.58 3 0
mini-asm/internal/storage/postgres/postgres.go:333.58,335.4 1 0
mini-asm/internal/storage/postgres/postgres.go:336.3,336.33 1 0
mini-asm/internal/storage/postgres/postgres.go:339.2,339.41 1 0
mini-asm/internal/storage/postgres/postgres.go:339.41,341.3 1 0
mini-asm/internal/storage/postgres/postgres.go:343.2,343.19 1 0
mini-asm/internal/storage/postgres/postgres.go:347.94,357.21 4 0
mini-asm/internal/storage/postgres/postgres.go:357.21,361.3 3 0
mini-asm/internal/storage/postgres/postgres.go:363.2,363.18 1 0
mini-asm/internal/storage/postgres/postgres.go:363.18,367.3 3 0
mini-asm/internal/storage/postgres/postgres.go:369.2,370.67 2 0
mini-asm/internal/storage/postgres/postgres.go:370.67,372.3 1 0
mini-asm/internal/storage/postgres/postgres.go:374.2,380.8 1 0
mini-asm/internal/storage/postgres/postgres.go:383.80,385.16 2 0
mini-asm/internal/storage/postgres/postgres.go:385.16,387.3 1 0
mini-asm/internal/storage/postgres/postgres.go:389.2,389.15 1 0
mini-asm/internal/storage/postgres/postgres.go:389.15,390.17 1 0
mini-asm/internal/storage/postgres/postgres.go:390.17,392.4 1 0
mini-asm/internal/storage/postgres/postgres.go:395.2,402.31 3 0
mini-asm/internal/storage/postgres/postgres.go:402.31,412.17 2 0
mini-asm/internal/storage/postgres/postgres.go:412.17,414.4 1 0
mini-asm/internal/storage/postgres/postgres.go:416.3,416.30 1 0
mini-asm/internal/storage/postgres/postgres.go:419.2,419.35 1 0
mini-asm/internal/storage/postgres/postgres.go:419.35,421.3 1 0
mini-asm/internal/storage/postgres/postgres.go:423.2,423.17 1 0
mini-asm/internal/storage/postgres/postgres.go:426.95,428.16 2 0
mini-asm/internal/storage/postgres/postgres.go:428.16,430.3 1 0
mini-asm/internal/storage/postgres/postgres.go:432.2,433.16 2 0
mini-asm/internal/storage/postgres/postgres.go:433.16,435.3 1 0
mini-asm/internal/storage/postgres/postgres.go:437.2,442.8 2 0
mini-asm/internal/storage/postgres/postgres.go:445.67,463.16 3 0
mini-asm/internal/storage/postgres/postgres.go:463.16,465.3 1 0
mini-asm/internal/storage/postgres/postgres.go:467.2,467.12 1 0
mini-asm/internal/storage/postgres/postgres.go:470.73,489.26 4 0
mini-asm/internal/storage/postgres/postgres.go:489.26,491.3 1 0
mini-asm/internal/storage/postgres/postgres.go:492.2,492.16 1 0
mini-asm/internal/storage/postgres/postgres.go:492.16,494.3 1 0
mini-asm/internal/storage/postgres/postgres.go:496.2,496.17 1 0
mini-asm/internal/storage/postgres/postgres.go:499.67,514.16 3 0
mini-asm/internal/storage/postgres/postgres.go:514.16,516.3 1 0
mini-asm/internal/storage/postgres/postgres.go:518.2,519.16 2 0
mini-asm/internal/storage/postgres/postgres.go:519.16,521.3 1 0
mini-asm/internal/storage/postgres/postgres.go:522.2,522.15 1 0
mini-asm/internal/storage/postgres/postgres.go:522.15,524.3 1 0
mini-asm/internal/storage/postgres/postgres.go:526.2,526.12 1 0
mini-asm/internal/storage/postgres/postgres.go:529.80,544.16 3 0
mini-asm/internal/storage/postgres/postgres.go:544.16,546.3 1 0
mini-asm/internal/storage/postgres/postgres.go:548.2,548.12 1 0
mini-asm/internal/storage/postgres/postgres.go:551.95,560.16 3 0
mini-asm/internal/storage/postgres/postgres.go:560.16,562.3 1 0
mini-asm/internal/storage/postgres/postgres.go:563.2,566.18 3 0
mini-asm/internal/storage/postgres/postgres.go:566.18,577.17 3 0
mini-asm/internal/storage/postgres/postgres.go:577.17,579.4 1 0
mini-asm/internal/storage/postgres/postgres.go:581.3,582.34 2 0
mini-asm/internal/storage/postgres/postgres.go:585.2,585.35 1 0
mini-asm/internal/storage/postgres/postgres.go:585.35,587.3 1 0
mini-asm/internal/storage/postgres/postgres.go:589.2,589.21 1 0
mini-asm/internal/storage/postgres/postgres.go:592.89,600.16 3 0
mini-asm/internal/storage/postgres/postgres.go:600.16,602.3 1 0
mini-asm/internal/storage/postgres/postgres.go:603.2,606.18 3 0
mini-asm/internal/storage/postgres/postgres.go:606.18,611.17 2 0
mini-asm/internal/storage/postgres/postgres.go:611.17,613.4 1 0
mini-asm/internal/storage/postgres/postgres.go:614.3,614.27 1 0
mini-asm/internal/storage/postgres/postgres.go:616.2,616.25 1 0
mini-asm/internal/storage/postgres/postgres.go:619.95,627.16 3 0
mini-asm/internal/storage/postgres/postgres.go:627.16,629.3 1 0
mini-asm/internal/storage/postgres/postgres.go:630.2,633.18 3 0
mini-asm/internal/storage/postgres/postgres.go:633.18,638.17 3 0
mini-asm/internal/storage/postgres/postgres.go:638.17,640.4 1 0
mini-asm/internal/storage/postgres/postgres.go:641.3,642.34 2 0
mini-asm/internal/storage/postgres/postgres.go:644.2,644.28 1 0
mini-asm/internal/storage/postgres/postgres.go:647.125,657.16 3 0
mini-asm/internal/storage/postgres/postgres.go:657.16,659.3 1 0
mini-asm/internal/storage/postgres/postgres.go:660.2,663.18 3 0
mini-asm/internal/storage/postgres/postgres.go:663.18,675.17 4 0
mini-asm/internal/storage/postgres/postgres.go:675.17,677.4 1 0
mini-asm/internal/storage/postgres/postgres.go:679.3,680.36 2 0
mini-asm/internal/storage/postgres/postgres.go:683.2,683.35 1 0
mini-asm/internal/storage/postgres/postgres.go:683.35,685.3 1 0
mini-asm/internal/storage/postgres/postgres.go:687.2,687.21 1 0
